---
source: cats/development_tools_testing/tests/testing/insta.rs
expression: formatted
---
Name: Alice, Age: 30
