---
source: cats/development_tools_testing/examples/testing/insta.rs
expression: formatted
---
Name: Alice, Age: 30
