---
source: crates/ex/categories/d/tests/development_tools_testing/insta.rs
expression: formatted
snapshot_kind: text
---
Name: Alice, Age: 30
