---
source: crates/cats/development_tools_testing/tests/insta.rs
expression: formatted
---
Name: Alice, Age: 30
